* Creating isolated environment: venv+pip...
* Installing packages in isolated environment:
  - setuptools>=77
* Getting build dependencies for sdist...
running egg_info
writing src/d3v_patchcycle.egg-info/PKG-INFO
writing dependency_links to src/d3v_patchcycle.egg-info/dependency_links.txt
writing entry points to src/d3v_patchcycle.egg-info/entry_points.txt
writing requirements to src/d3v_patchcycle.egg-info/requires.txt
writing top-level names to src/d3v_patchcycle.egg-info/top_level.txt
reading manifest file 'src/d3v_patchcycle.egg-info/SOURCES.txt'
adding license file 'LICENSE'
writing manifest file 'src/d3v_patchcycle.egg-info/SOURCES.txt'
* Installed build dependency versions:
  - setuptools==84.0.0
* Building sdist...
running sdist
running egg_info
writing src/d3v_patchcycle.egg-info/PKG-INFO
writing dependency_links to src/d3v_patchcycle.egg-info/dependency_links.txt
writing entry points to src/d3v_patchcycle.egg-info/entry_points.txt
writing requirements to src/d3v_patchcycle.egg-info/requires.txt
writing top-level names to src/d3v_patchcycle.egg-info/top_level.txt
reading manifest file 'src/d3v_patchcycle.egg-info/SOURCES.txt'
adding license file 'LICENSE'
writing manifest file 'src/d3v_patchcycle.egg-info/SOURCES.txt'
running check
creating d3v_patchcycle-1.0.0rc2
creating d3v_patchcycle-1.0.0rc2/src/d3v_patchcycle.egg-info
creating d3v_patchcycle-1.0.0rc2/src/patchcycle
creating d3v_patchcycle-1.0.0rc2/src/patchcycle/notify
creating d3v_patchcycle-1.0.0rc2/src/patchcycle/providers
creating d3v_patchcycle-1.0.0rc2/tests
copying files to d3v_patchcycle-1.0.0rc2...
copying LICENSE -> d3v_patchcycle-1.0.0rc2
copying README.md -> d3v_patchcycle-1.0.0rc2
copying pyproject.toml -> d3v_patchcycle-1.0.0rc2
copying src/d3v_patchcycle.egg-info/PKG-INFO -> d3v_patchcycle-1.0.0rc2/src/d3v_patchcycle.egg-info
copying src/d3v_patchcycle.egg-info/SOURCES.txt -> d3v_patchcycle-1.0.0rc2/src/d3v_patchcycle.egg-info
copying src/d3v_patchcycle.egg-info/dependency_links.txt -> d3v_patchcycle-1.0.0rc2/src/d3v_patchcycle.egg-info
copying src/d3v_patchcycle.egg-info/entry_points.txt -> d3v_patchcycle-1.0.0rc2/src/d3v_patchcycle.egg-info
copying src/d3v_patchcycle.egg-info/requires.txt -> d3v_patchcycle-1.0.0rc2/src/d3v_patchcycle.egg-info
copying src/d3v_patchcycle.egg-info/top_level.txt -> d3v_patchcycle-1.0.0rc2/src/d3v_patchcycle.egg-info
copying src/patchcycle/__init__.py -> d3v_patchcycle-1.0.0rc2/src/patchcycle
copying src/patchcycle/__main__.py -> d3v_patchcycle-1.0.0rc2/src/patchcycle
copying src/patchcycle/cli.py -> d3v_patchcycle-1.0.0rc2/src/patchcycle
copying src/patchcycle/config.py -> d3v_patchcycle-1.0.0rc2/src/patchcycle
copying src/patchcycle/engine.py -> d3v_patchcycle-1.0.0rc2/src/patchcycle
copying src/patchcycle/errors.py -> d3v_patchcycle-1.0.0rc2/src/patchcycle
copying src/patchcycle/health.py -> d3v_patchcycle-1.0.0rc2/src/patchcycle
copying src/patchcycle/hooks.py -> d3v_patchcycle-1.0.0rc2/src/patchcycle
copying src/patchcycle/installer.py -> d3v_patchcycle-1.0.0rc2/src/patchcycle
copying src/patchcycle/lock.py -> d3v_patchcycle-1.0.0rc2/src/patchcycle
copying src/patchcycle/logging_setup.py -> d3v_patchcycle-1.0.0rc2/src/patchcycle
copying src/patchcycle/models.py -> d3v_patchcycle-1.0.0rc2/src/patchcycle
copying src/patchcycle/osdetect.py -> d3v_patchcycle-1.0.0rc2/src/patchcycle
copying src/patchcycle/reboot.py -> d3v_patchcycle-1.0.0rc2/src/patchcycle
copying src/patchcycle/report.py -> d3v_patchcycle-1.0.0rc2/src/patchcycle
copying src/patchcycle/secure_io.py -> d3v_patchcycle-1.0.0rc2/src/patchcycle
copying src/patchcycle/state_store.py -> d3v_patchcycle-1.0.0rc2/src/patchcycle
copying src/patchcycle/states.py -> d3v_patchcycle-1.0.0rc2/src/patchcycle
copying src/patchcycle/subproc.py -> d3v_patchcycle-1.0.0rc2/src/patchcycle
copying src/patchcycle/window.py -> d3v_patchcycle-1.0.0rc2/src/patchcycle
copying src/patchcycle/notify/__init__.py -> d3v_patchcycle-1.0.0rc2/src/patchcycle/notify
copying src/patchcycle/notify/base.py -> d3v_patchcycle-1.0.0rc2/src/patchcycle/notify
copying src/patchcycle/notify/smtp.py -> d3v_patchcycle-1.0.0rc2/src/patchcycle/notify
copying src/patchcycle/notify/webhook.py -> d3v_patchcycle-1.0.0rc2/src/patchcycle/notify
copying src/patchcycle/providers/__init__.py -> d3v_patchcycle-1.0.0rc2/src/patchcycle/providers
copying src/patchcycle/providers/apt.py -> d3v_patchcycle-1.0.0rc2/src/patchcycle/providers
copying src/patchcycle/providers/base.py -> d3v_patchcycle-1.0.0rc2/src/patchcycle/providers
copying src/patchcycle/providers/dnf.py -> d3v_patchcycle-1.0.0rc2/src/patchcycle/providers
copying src/patchcycle/providers/versionlock.py -> d3v_patchcycle-1.0.0rc2/src/patchcycle/providers
copying tests/test_apt.py -> d3v_patchcycle-1.0.0rc2/tests
copying tests/test_apt_edges.py -> d3v_patchcycle-1.0.0rc2/tests
copying tests/test_apt_integration.py -> d3v_patchcycle-1.0.0rc2/tests
copying tests/test_ci_guard.py -> d3v_patchcycle-1.0.0rc2/tests
copying tests/test_cli.py -> d3v_patchcycle-1.0.0rc2/tests
copying tests/test_cli_branches.py -> d3v_patchcycle-1.0.0rc2/tests
copying tests/test_cli_dispatch.py -> d3v_patchcycle-1.0.0rc2/tests
copying tests/test_cli_install.py -> d3v_patchcycle-1.0.0rc2/tests
copying tests/test_config.py -> d3v_patchcycle-1.0.0rc2/tests
copying tests/test_dnf.py -> d3v_patchcycle-1.0.0rc2/tests
copying tests/test_dnf_integration.py -> d3v_patchcycle-1.0.0rc2/tests
copying tests/test_engine.py -> d3v_patchcycle-1.0.0rc2/tests
copying tests/test_engine_edges.py -> d3v_patchcycle-1.0.0rc2/tests
copying tests/test_hardening_coverage.py -> d3v_patchcycle-1.0.0rc2/tests
copying tests/test_health.py -> d3v_patchcycle-1.0.0rc2/tests
copying tests/test_health_defaults.py -> d3v_patchcycle-1.0.0rc2/tests
copying tests/test_hooks.py -> d3v_patchcycle-1.0.0rc2/tests
copying tests/test_hooks_dryrun.py -> d3v_patchcycle-1.0.0rc2/tests
copying tests/test_hooks_engine.py -> d3v_patchcycle-1.0.0rc2/tests
copying tests/test_installer.py -> d3v_patchcycle-1.0.0rc2/tests
copying tests/test_lock.py -> d3v_patchcycle-1.0.0rc2/tests
copying tests/test_logging.py -> d3v_patchcycle-1.0.0rc2/tests
copying tests/test_main_module.py -> d3v_patchcycle-1.0.0rc2/tests
copying tests/test_notify.py -> d3v_patchcycle-1.0.0rc2/tests
copying tests/test_osdetect.py -> d3v_patchcycle-1.0.0rc2/tests
copying tests/test_readiness_cli.py -> d3v_patchcycle-1.0.0rc2/tests
copying tests/test_readiness_engine.py -> d3v_patchcycle-1.0.0rc2/tests
copying tests/test_readiness_health.py -> d3v_patchcycle-1.0.0rc2/tests
copying tests/test_readiness_installer.py -> d3v_patchcycle-1.0.0rc2/tests
copying tests/test_readiness_logging.py -> d3v_patchcycle-1.0.0rc2/tests
copying tests/test_readiness_providers.py -> d3v_patchcycle-1.0.0rc2/tests
copying tests/test_readiness_recovery.py -> d3v_patchcycle-1.0.0rc2/tests
copying tests/test_readiness_safety.py -> d3v_patchcycle-1.0.0rc2/tests
copying tests/test_readiness_subproc.py -> d3v_patchcycle-1.0.0rc2/tests
copying tests/test_readiness_transport.py -> d3v_patchcycle-1.0.0rc2/tests
copying tests/test_report.py -> d3v_patchcycle-1.0.0rc2/tests
copying tests/test_robustness.py -> d3v_patchcycle-1.0.0rc2/tests
copying tests/test_security.py -> d3v_patchcycle-1.0.0rc2/tests
copying tests/test_state_store.py -> d3v_patchcycle-1.0.0rc2/tests
copying tests/test_states.py -> d3v_patchcycle-1.0.0rc2/tests
copying tests/test_subproc.py -> d3v_patchcycle-1.0.0rc2/tests
copying tests/test_versionlock.py -> d3v_patchcycle-1.0.0rc2/tests
copying tests/test_window.py -> d3v_patchcycle-1.0.0rc2/tests
Writing d3v_patchcycle-1.0.0rc2/setup.cfg
Creating tar archive
removing 'd3v_patchcycle-1.0.0rc2' (and everything under it)
* Building wheel from sdist
* Creating isolated environment: venv+pip...
* Installing packages in isolated environment:
  - setuptools>=77
* Getting build dependencies for wheel...
running egg_info
writing src/d3v_patchcycle.egg-info/PKG-INFO
writing dependency_links to src/d3v_patchcycle.egg-info/dependency_links.txt
writing entry points to src/d3v_patchcycle.egg-info/entry_points.txt
writing requirements to src/d3v_patchcycle.egg-info/requires.txt
writing top-level names to src/d3v_patchcycle.egg-info/top_level.txt
reading manifest file 'src/d3v_patchcycle.egg-info/SOURCES.txt'
adding license file 'LICENSE'
writing manifest file 'src/d3v_patchcycle.egg-info/SOURCES.txt'
* Installed build dependency versions:
  - setuptools==84.0.0
* Building wheel...
running bdist_wheel
running build
running build_py
creating build/lib/patchcycle
copying src/patchcycle/cli.py -> build/lib/patchcycle
copying src/patchcycle/logging_setup.py -> build/lib/patchcycle
copying src/patchcycle/states.py -> build/lib/patchcycle
copying src/patchcycle/reboot.py -> build/lib/patchcycle
copying src/patchcycle/__main__.py -> build/lib/patchcycle
copying src/patchcycle/state_store.py -> build/lib/patchcycle
copying src/patchcycle/installer.py -> build/lib/patchcycle
copying src/patchcycle/health.py -> build/lib/patchcycle
copying src/patchcycle/errors.py -> build/lib/patchcycle
copying src/patchcycle/models.py -> build/lib/patchcycle
copying src/patchcycle/report.py -> build/lib/patchcycle
copying src/patchcycle/__init__.py -> build/lib/patchcycle
copying src/patchcycle/config.py -> build/lib/patchcycle
copying src/patchcycle/osdetect.py -> build/lib/patchcycle
copying src/patchcycle/engine.py -> build/lib/patchcycle
copying src/patchcycle/lock.py -> build/lib/patchcycle
copying src/patchcycle/hooks.py -> build/lib/patchcycle
copying src/patchcycle/subproc.py -> build/lib/patchcycle
copying src/patchcycle/secure_io.py -> build/lib/patchcycle
copying src/patchcycle/window.py -> build/lib/patchcycle
creating build/lib/patchcycle/providers
copying src/patchcycle/providers/dnf.py -> build/lib/patchcycle/providers
copying src/patchcycle/providers/__init__.py -> build/lib/patchcycle/providers
copying src/patchcycle/providers/base.py -> build/lib/patchcycle/providers
copying src/patchcycle/providers/versionlock.py -> build/lib/patchcycle/providers
copying src/patchcycle/providers/apt.py -> build/lib/patchcycle/providers
creating build/lib/patchcycle/notify
copying src/patchcycle/notify/__init__.py -> build/lib/patchcycle/notify
copying src/patchcycle/notify/smtp.py -> build/lib/patchcycle/notify
copying src/patchcycle/notify/base.py -> build/lib/patchcycle/notify
copying src/patchcycle/notify/webhook.py -> build/lib/patchcycle/notify
running egg_info
writing src/d3v_patchcycle.egg-info/PKG-INFO
writing dependency_links to src/d3v_patchcycle.egg-info/dependency_links.txt
writing entry points to src/d3v_patchcycle.egg-info/entry_points.txt
writing requirements to src/d3v_patchcycle.egg-info/requires.txt
writing top-level names to src/d3v_patchcycle.egg-info/top_level.txt
reading manifest file 'src/d3v_patchcycle.egg-info/SOURCES.txt'
adding license file 'LICENSE'
writing manifest file 'src/d3v_patchcycle.egg-info/SOURCES.txt'
installing to build/bdist.linux-x86_64/wheel
running install
running install_lib
creating build/bdist.linux-x86_64/wheel
creating build/bdist.linux-x86_64/wheel/patchcycle
copying build/lib/patchcycle/cli.py -> build/bdist.linux-x86_64/wheel/./patchcycle
copying build/lib/patchcycle/logging_setup.py -> build/bdist.linux-x86_64/wheel/./patchcycle
copying build/lib/patchcycle/states.py -> build/bdist.linux-x86_64/wheel/./patchcycle
copying build/lib/patchcycle/reboot.py -> build/bdist.linux-x86_64/wheel/./patchcycle
copying build/lib/patchcycle/__main__.py -> build/bdist.linux-x86_64/wheel/./patchcycle
copying build/lib/patchcycle/state_store.py -> build/bdist.linux-x86_64/wheel/./patchcycle
copying build/lib/patchcycle/installer.py -> build/bdist.linux-x86_64/wheel/./patchcycle
copying build/lib/patchcycle/health.py -> build/bdist.linux-x86_64/wheel/./patchcycle
copying build/lib/patchcycle/errors.py -> build/bdist.linux-x86_64/wheel/./patchcycle
copying build/lib/patchcycle/models.py -> build/bdist.linux-x86_64/wheel/./patchcycle
copying build/lib/patchcycle/report.py -> build/bdist.linux-x86_64/wheel/./patchcycle
copying build/lib/patchcycle/__init__.py -> build/bdist.linux-x86_64/wheel/./patchcycle
copying build/lib/patchcycle/config.py -> build/bdist.linux-x86_64/wheel/./patchcycle
copying build/lib/patchcycle/osdetect.py -> build/bdist.linux-x86_64/wheel/./patchcycle
copying build/lib/patchcycle/engine.py -> build/bdist.linux-x86_64/wheel/./patchcycle
copying build/lib/patchcycle/lock.py -> build/bdist.linux-x86_64/wheel/./patchcycle
copying build/lib/patchcycle/hooks.py -> build/bdist.linux-x86_64/wheel/./patchcycle
copying build/lib/patchcycle/subproc.py -> build/bdist.linux-x86_64/wheel/./patchcycle
copying build/lib/patchcycle/secure_io.py -> build/bdist.linux-x86_64/wheel/./patchcycle
creating build/bdist.linux-x86_64/wheel/patchcycle/providers
copying build/lib/patchcycle/providers/dnf.py -> build/bdist.linux-x86_64/wheel/./patchcycle/providers
copying build/lib/patchcycle/providers/__init__.py -> build/bdist.linux-x86_64/wheel/./patchcycle/providers
copying build/lib/patchcycle/providers/base.py -> build/bdist.linux-x86_64/wheel/./patchcycle/providers
copying build/lib/patchcycle/providers/versionlock.py -> build/bdist.linux-x86_64/wheel/./patchcycle/providers
copying build/lib/patchcycle/providers/apt.py -> build/bdist.linux-x86_64/wheel/./patchcycle/providers
copying build/lib/patchcycle/window.py -> build/bdist.linux-x86_64/wheel/./patchcycle
creating build/bdist.linux-x86_64/wheel/patchcycle/notify
copying build/lib/patchcycle/notify/__init__.py -> build/bdist.linux-x86_64/wheel/./patchcycle/notify
copying build/lib/patchcycle/notify/smtp.py -> build/bdist.linux-x86_64/wheel/./patchcycle/notify
copying build/lib/patchcycle/notify/base.py -> build/bdist.linux-x86_64/wheel/./patchcycle/notify
copying build/lib/patchcycle/notify/webhook.py -> build/bdist.linux-x86_64/wheel/./patchcycle/notify
running install_egg_info
Copying src/d3v_patchcycle.egg-info to build/bdist.linux-x86_64/wheel/./d3v_patchcycle-1.0.0rc2-py3.13.egg-info
running install_scripts
creating build/bdist.linux-x86_64/wheel/d3v_patchcycle-1.0.0rc2.dist-info/WHEEL
creating '/tmp/delivery-dist/.tmp-9sfv47kt/d3v_patchcycle-1.0.0rc2-py3-none-any.whl' and adding 'build/bdist.linux-x86_64/wheel' to it
adding 'd3v_patchcycle-1.0.0rc2.dist-info/licenses/LICENSE'
adding 'patchcycle/__init__.py'
adding 'patchcycle/__main__.py'
adding 'patchcycle/cli.py'
adding 'patchcycle/config.py'
adding 'patchcycle/engine.py'
adding 'patchcycle/errors.py'
adding 'patchcycle/health.py'
adding 'patchcycle/hooks.py'
adding 'patchcycle/installer.py'
adding 'patchcycle/lock.py'
adding 'patchcycle/logging_setup.py'
adding 'patchcycle/models.py'
adding 'patchcycle/osdetect.py'
adding 'patchcycle/reboot.py'
adding 'patchcycle/report.py'
adding 'patchcycle/secure_io.py'
adding 'patchcycle/state_store.py'
adding 'patchcycle/states.py'
adding 'patchcycle/subproc.py'
adding 'patchcycle/window.py'
adding 'patchcycle/notify/__init__.py'
adding 'patchcycle/notify/base.py'
adding 'patchcycle/notify/smtp.py'
adding 'patchcycle/notify/webhook.py'
adding 'patchcycle/providers/__init__.py'
adding 'patchcycle/providers/apt.py'
adding 'patchcycle/providers/base.py'
adding 'patchcycle/providers/dnf.py'
adding 'patchcycle/providers/versionlock.py'
adding 'd3v_patchcycle-1.0.0rc2.dist-info/METADATA'
adding 'd3v_patchcycle-1.0.0rc2.dist-info/WHEEL'
adding 'd3v_patchcycle-1.0.0rc2.dist-info/entry_points.txt'
adding 'd3v_patchcycle-1.0.0rc2.dist-info/top_level.txt'
adding 'd3v_patchcycle-1.0.0rc2.dist-info/RECORD'
removing build/bdist.linux-x86_64/wheel
Successfully built d3v_patchcycle-1.0.0rc2.tar.gz and d3v_patchcycle-1.0.0rc2-py3-none-any.whl
Checking /tmp/delivery-dist/d3v_patchcycle-1.0.0rc2-py3-none-any.whl: [32mPASSED[0m
Checking /tmp/delivery-dist/d3v_patchcycle-1.0.0rc2.tar.gz: [32mPASSED[0m
81ed84e19fa1dade1a4fd99edb7e87e83985c12c2670ecd338250aac4a1f62dc  d3v_patchcycle-1.0.0rc2-py3-none-any.whl
067be9c3589cc7a08f2fba1c82824ee2d5b1b781273e7bbf66d77cd32d31ea01  d3v_patchcycle-1.0.0rc2.tar.gz
4b8bc1cbc737386a9a9697cd550e6d7afa375c22e68e26fe81fd0709be89bc17  d3v-patchcycle-1.0.0rc2-portable.zip
d3v_patchcycle-1.0.0rc2-py3-none-any.whl: OK
d3v_patchcycle-1.0.0rc2.tar.gz: OK
d3v-patchcycle-1.0.0rc2-portable.zip: OK
Processing ./d3v_patchcycle-1.0.0rc2-py3-none-any.whl
Installing collected packages: d3v-patchcycle
Successfully installed d3v-patchcycle-1.0.0rc2
d3v-patchcycle 1.0.0rc2 (state schema v2)
